Java HotSpot(TM) 64-Bit Server VM (25.191-b12) for windows-amd64 JRE (1.8.0_191-b12), built on Oct  6 2018 09:29:03 by "java_re" with MS VC++ 10.0 (VS2010)
Memory: 4k page, physical 33344496k(27073184k free), swap 34161796k(27104004k free)
CommandLine flags: -XX:CompressedClassSpaceSize=260046848 -XX:GCLogFileSize=3145728 -XX:InitialHeapSize=1073741824 -XX:MaxHeapSize=1073741824 -XX:MaxMetaspaceSize=268435456 -XX:MetaspaceSize=100663296 -XX:NumberOfGCLogFiles=5 -XX:+PrintGC -XX:+PrintGCDateStamps -XX:+PrintGCDetails -XX:+PrintGCTimeStamps -XX:-TraceClassUnloading -XX:+UseCompressedClassPointers -XX:+UseCompressedOops -XX:+UseGCLogFileRotation -XX:-UseLargePagesIndividualAllocation -XX:+UseParallelGC 
2020-07-21T14:29:37.565+0200: 3.487: [GC (Allocation Failure) [PSYoungGen: 262144K->19118K(305664K)] 262144K->19126K(1005056K), 0.0943127 secs] [Times: user=0.13 sys=0.00, real=0.09 secs] 
2020-07-21T14:29:39.441+0200: 5.367: [GC (Allocation Failure) [PSYoungGen: 281262K->19816K(305664K)] 281270K->19840K(1005056K), 0.0170827 secs] [Times: user=0.00 sys=0.02, real=0.02 secs] 
2020-07-21T14:29:41.692+0200: 7.614: [GC (Allocation Failure) [PSYoungGen: 281960K->43491K(305664K)] 281984K->53149K(1005056K), 0.0436131 secs] [Times: user=0.09 sys=0.00, real=0.04 secs] 
2020-07-21T14:29:49.630+0200: 15.554: [GC (Metadata GC Threshold) [PSYoungGen: 242720K->43501K(305664K)] 252377K->78609K(1005056K), 0.0430984 secs] [Times: user=0.13 sys=0.01, real=0.04 secs] 
2020-07-21T14:29:49.670+0200: 15.598: [Full GC (Metadata GC Threshold) [PSYoungGen: 43501K->0K(305664K)] [ParOldGen: 35107K->67336K(699392K)] 78609K->67336K(1005056K), [Metaspace: 88181K->88154K(1132544K)], 0.1793172 secs] [Times: user=0.50 sys=0.00, real=0.18 secs] 
Heap
 PSYoungGen      total 305664K, used 124219K [0x00000000eab00000, 0x0000000100000000, 0x0000000100000000)
  eden space 262144K, 47% used [0x00000000eab00000,0x00000000f244ec60,0x00000000fab00000)
  from space 43520K, 0% used [0x00000000fd580000,0x00000000fd580000,0x0000000100000000)
  to   space 43520K, 0% used [0x00000000fab00000,0x00000000fab00000,0x00000000fd580000)
 ParOldGen       total 699392K, used 67336K [0x00000000c0000000, 0x00000000eab00000, 0x00000000eab00000)
  object space 699392K, 9% used [0x00000000c0000000,0x00000000c41c20e8,0x00000000eab00000)
 Metaspace       used 91437K, capacity 101480K, committed 101760K, reserved 1136640K
  class space    used 12249K, capacity 15181K, committed 15232K, reserved 1048576K
